[2026-01-30 07:22:06] 开始自动扩充案例库...
[2026-01-30 07:22:06] 添加了 deployment 模板
[2026-01-30 07:22:06] 案例库现有       47 个案例
[2026-01-30 07:22:06] 模板库现有       38 个模板
[2026-01-30 07:22:06] 自动扩充完成！
[2026-01-30 07:22:22] 开始自动扩充案例库...
[2026-01-30 07:22:22] 添加了 ai-ml 案例
[2026-01-30 07:22:22] 案例库现有       48 个案例
[2026-01-30 07:22:22] 模板库现有       38 个模板
[2026-01-30 07:22:22] 自动扩充完成！
[2026-01-31 04:25:17] 开始自动扩充案例库...
[2026-01-31 04:25:17] 添加了 ai-ml 案例
[2026-01-31 04:25:17] 添加了 database 模板
[2026-01-31 04:25:17] 案例库现有       49 个案例
[2026-01-31 04:25:17] 模板库现有       39 个模板
[2026-01-31 04:25:17] 自动扩充完成！
[2026-02-04 05:38:36] 开始自动扩充案例库...
[2026-02-04 05:38:36] 添加了 channel 模板
[2026-02-04 05:38:36] 案例库现有       49 个案例
[2026-02-04 05:38:36] 模板库现有       40 个模板
[2026-02-04 05:38:36] 自动扩充完成！
